mode: atomic
github.com/teratron/gonn/pkg/regularizer/compose.go:21.66,23.23 2 1
github.com/teratron/gonn/pkg/regularizer/compose.go:23.23,24.15 1 2
github.com/teratron/gonn/pkg/regularizer/compose.go:24.15,26.4 1 2
github.com/teratron/gonn/pkg/regularizer/compose.go:28.2,28.38 1 1
github.com/teratron/gonn/pkg/regularizer/compose.go:32.45,34.30 2 1
github.com/teratron/gonn/pkg/regularizer/compose.go:34.30,36.3 1 2
github.com/teratron/gonn/pkg/regularizer/compose.go:37.2,37.14 1 1
github.com/teratron/gonn/pkg/regularizer/compose.go:42.61,43.30 1 0
github.com/teratron/gonn/pkg/regularizer/compose.go:43.30,45.3 1 0
github.com/teratron/gonn/pkg/regularizer/compose.go:46.2,46.13 1 0
github.com/teratron/gonn/pkg/regularizer/dropout.go:40.55,43.2 2 0
github.com/teratron/gonn/pkg/regularizer/dropout.go:52.74,55.2 2 3
github.com/teratron/gonn/pkg/regularizer/dropout.go:58.39,58.51 1 2
github.com/teratron/gonn/pkg/regularizer/dropout.go:63.61,64.15 1 3
github.com/teratron/gonn/pkg/regularizer/dropout.go:64.15,66.3 1 2
github.com/teratron/gonn/pkg/regularizer/dropout.go:67.2,68.25 2 1
github.com/teratron/gonn/pkg/regularizer/dropout.go:68.25,69.28 1 10000
github.com/teratron/gonn/pkg/regularizer/dropout.go:69.28,71.4 1 7991
github.com/teratron/gonn/pkg/regularizer/dropout.go:71.9,73.4 1 2009
github.com/teratron/gonn/pkg/regularizer/dropout.go:75.2,75.13 1 1
github.com/teratron/gonn/pkg/regularizer/l1.go:27.44,29.2 1 1
github.com/teratron/gonn/pkg/regularizer/l1.go:32.40,34.28 2 1
github.com/teratron/gonn/pkg/regularizer/l1.go:34.28,35.12 1 3
github.com/teratron/gonn/pkg/regularizer/l1.go:35.12,37.4 1 2
github.com/teratron/gonn/pkg/regularizer/l1.go:37.9,39.4 1 1
github.com/teratron/gonn/pkg/regularizer/l1.go:41.2,41.23 1 1
github.com/teratron/gonn/pkg/regularizer/l1.go:45.49,45.64 1 0
github.com/teratron/gonn/pkg/regularizer/l2.go:27.44,29.2 1 2
github.com/teratron/gonn/pkg/regularizer/l2.go:32.40,34.28 2 3
github.com/teratron/gonn/pkg/regularizer/l2.go:34.28,36.3 1 9
github.com/teratron/gonn/pkg/regularizer/l2.go:37.2,37.23 1 3
github.com/teratron/gonn/pkg/regularizer/l2.go:41.49,41.64 1 0
github.com/teratron/gonn/pkg/regularizer/regularizer.go:41.76,42.16 1 1
github.com/teratron/gonn/pkg/regularizer/regularizer.go:42.16,44.3 1 1
github.com/teratron/gonn/pkg/regularizer/regularizer.go:45.2,45.38 1 0
github.com/teratron/gonn/pkg/regularizer/regularizer.go:54.64,55.16 1 1
github.com/teratron/gonn/pkg/regularizer/regularizer.go:55.16,57.3 1 1
github.com/teratron/gonn/pkg/regularizer/regularizer.go:58.2,58.29 1 0
