mode: atomic
github.com/teratron/gonn/pkg/optimizer/adam.go:41.44,48.2 1 6
github.com/teratron/gonn/pkg/optimizer/adam.go:57.76,59.2 1 1
github.com/teratron/gonn/pkg/optimizer/adam.go:63.51,64.15 1 13
github.com/teratron/gonn/pkg/optimizer/adam.go:64.15,66.3 1 1
github.com/teratron/gonn/pkg/optimizer/adam.go:67.2,68.16 2 12
github.com/teratron/gonn/pkg/optimizer/adam.go:68.16,71.3 2 5
github.com/teratron/gonn/pkg/optimizer/adam.go:72.2,76.25 5 12
github.com/teratron/gonn/pkg/optimizer/adam.go:76.25,81.3 4 35
github.com/teratron/gonn/pkg/optimizer/adam.go:82.2,82.12 1 12
github.com/teratron/gonn/pkg/optimizer/adam.go:86.27,87.21 1 1
github.com/teratron/gonn/pkg/optimizer/adam.go:87.21,90.3 2 3
github.com/teratron/gonn/pkg/optimizer/adam.go:91.2,91.9 1 1
github.com/teratron/gonn/pkg/optimizer/adam.go:95.36,95.51 1 1
github.com/teratron/gonn/pkg/optimizer/adam.go:109.47,119.2 1 1
github.com/teratron/gonn/pkg/optimizer/adam.go:122.48,124.50 2 1
github.com/teratron/gonn/pkg/optimizer/adam.go:124.50,126.3 1 0
github.com/teratron/gonn/pkg/optimizer/adam.go:127.2,134.12 8 1
github.com/teratron/gonn/pkg/optimizer/optimizer.go:54.57,56.2 1 1
github.com/teratron/gonn/pkg/optimizer/rmsprop.go:40.50,42.2 1 4
github.com/teratron/gonn/pkg/optimizer/rmsprop.go:51.75,53.2 1 1
github.com/teratron/gonn/pkg/optimizer/rmsprop.go:57.54,58.15 1 9
github.com/teratron/gonn/pkg/optimizer/rmsprop.go:58.15,60.3 1 1
github.com/teratron/gonn/pkg/optimizer/rmsprop.go:61.2,61.21 1 8
github.com/teratron/gonn/pkg/optimizer/rmsprop.go:61.21,63.3 1 3
github.com/teratron/gonn/pkg/optimizer/rmsprop.go:64.2,65.25 2 8
github.com/teratron/gonn/pkg/optimizer/rmsprop.go:65.25,69.3 3 23
github.com/teratron/gonn/pkg/optimizer/rmsprop.go:70.2,70.12 1 8
github.com/teratron/gonn/pkg/optimizer/rmsprop.go:74.30,75.26 1 1
github.com/teratron/gonn/pkg/optimizer/rmsprop.go:75.26,77.3 1 3
github.com/teratron/gonn/pkg/optimizer/rmsprop.go:81.39,81.54 1 2
github.com/teratron/gonn/pkg/optimizer/rmsprop.go:84.50,91.2 1 1
github.com/teratron/gonn/pkg/optimizer/rmsprop.go:94.51,101.50 2 2
github.com/teratron/gonn/pkg/optimizer/rmsprop.go:101.50,103.3 1 1
github.com/teratron/gonn/pkg/optimizer/rmsprop.go:104.2,108.12 5 1
github.com/teratron/gonn/pkg/optimizer/sgd.go:32.42,34.2 1 5
github.com/teratron/gonn/pkg/optimizer/sgd.go:38.50,39.15 1 3
github.com/teratron/gonn/pkg/optimizer/sgd.go:39.15,41.3 1 1
github.com/teratron/gonn/pkg/optimizer/sgd.go:42.2,42.25 1 2
github.com/teratron/gonn/pkg/optimizer/sgd.go:42.25,44.3 1 3
github.com/teratron/gonn/pkg/optimizer/sgd.go:45.2,45.12 1 2
github.com/teratron/gonn/pkg/optimizer/sgd.go:49.27,49.28 0 1
github.com/teratron/gonn/pkg/optimizer/sgd.go:52.35,52.50 1 3
github.com/teratron/gonn/pkg/optimizer/sgd.go:55.46,59.2 1 1
github.com/teratron/gonn/pkg/optimizer/sgd.go:62.47,66.50 2 2
github.com/teratron/gonn/pkg/optimizer/sgd.go:66.50,68.3 1 1
github.com/teratron/gonn/pkg/optimizer/sgd.go:69.2,70.12 2 1
github.com/teratron/gonn/pkg/optimizer/sgd_momentum.go:36.58,38.2 1 4
github.com/teratron/gonn/pkg/optimizer/sgd_momentum.go:47.82,49.2 1 1
github.com/teratron/gonn/pkg/optimizer/sgd_momentum.go:53.58,54.15 1 9
github.com/teratron/gonn/pkg/optimizer/sgd_momentum.go:54.15,56.3 1 1
github.com/teratron/gonn/pkg/optimizer/sgd_momentum.go:57.2,57.23 1 8
github.com/teratron/gonn/pkg/optimizer/sgd_momentum.go:57.23,59.3 1 3
github.com/teratron/gonn/pkg/optimizer/sgd_momentum.go:60.2,60.25 1 8
github.com/teratron/gonn/pkg/optimizer/sgd_momentum.go:60.25,63.3 2 23
github.com/teratron/gonn/pkg/optimizer/sgd_momentum.go:64.2,64.12 1 8
github.com/teratron/gonn/pkg/optimizer/sgd_momentum.go:68.34,69.28 1 1
github.com/teratron/gonn/pkg/optimizer/sgd_momentum.go:69.28,71.3 1 3
github.com/teratron/gonn/pkg/optimizer/sgd_momentum.go:75.43,75.58 1 2
github.com/teratron/gonn/pkg/optimizer/sgd_momentum.go:78.54,84.2 1 1
github.com/teratron/gonn/pkg/optimizer/sgd_momentum.go:87.55,93.50 2 2
github.com/teratron/gonn/pkg/optimizer/sgd_momentum.go:93.50,95.3 1 1
github.com/teratron/gonn/pkg/optimizer/sgd_momentum.go:96.2,99.12 4 1
