mode: atomic
github.com/teratron/gonn/pkg/network/bundle.go:19.67,21.2 1 84
github.com/teratron/gonn/pkg/network/bundle.go:25.43,27.2 1 71
github.com/teratron/gonn/pkg/network/bundle.go:30.33,32.2 1 1
github.com/teratron/gonn/pkg/network/bundle.go:35.34,37.2 1 24572
github.com/teratron/gonn/pkg/network/bundle.go:42.36,44.2 1 42
github.com/teratron/gonn/pkg/network/bundle.go:48.38,50.2 1 2
github.com/teratron/gonn/pkg/network/network.go:86.38,93.2 1 26
github.com/teratron/gonn/pkg/network/network.go:104.60,106.2 1 1
github.com/teratron/gonn/pkg/network/network.go:120.107,121.29 1 24
github.com/teratron/gonn/pkg/network/network.go:121.29,126.3 1 1
github.com/teratron/gonn/pkg/network/network.go:127.2,127.23 1 23
github.com/teratron/gonn/pkg/network/network.go:127.23,130.3 1 1
github.com/teratron/gonn/pkg/network/network.go:131.2,131.28 1 22
github.com/teratron/gonn/pkg/network/network.go:131.28,132.15 1 33
github.com/teratron/gonn/pkg/network/network.go:132.15,135.4 1 1
github.com/teratron/gonn/pkg/network/network.go:136.3,136.18 1 32
github.com/teratron/gonn/pkg/network/network.go:136.18,139.4 1 0
github.com/teratron/gonn/pkg/network/network.go:141.2,141.35 1 21
github.com/teratron/gonn/pkg/network/network.go:141.35,146.3 1 1
github.com/teratron/gonn/pkg/network/network.go:148.2,159.28 7 20
github.com/teratron/gonn/pkg/network/network.go:159.28,167.3 5 31
github.com/teratron/gonn/pkg/network/network.go:169.2,173.12 5 20
github.com/teratron/gonn/pkg/network/network.go:182.43,184.2 1 1
github.com/teratron/gonn/pkg/network/network.go:197.36,198.70 1 21
github.com/teratron/gonn/pkg/network/network.go:198.70,203.3 1 1
github.com/teratron/gonn/pkg/network/network.go:204.2,204.27 1 20
github.com/teratron/gonn/pkg/network/network.go:204.27,205.30 1 31
github.com/teratron/gonn/pkg/network/network.go:205.30,208.4 1 0
github.com/teratron/gonn/pkg/network/network.go:210.2,210.31 1 20
github.com/teratron/gonn/pkg/network/network.go:210.31,213.30 3 31
github.com/teratron/gonn/pkg/network/network.go:213.30,215.14 2 88
github.com/teratron/gonn/pkg/network/network.go:215.14,217.39 2 60
github.com/teratron/gonn/pkg/network/network.go:217.39,219.6 1 129
github.com/teratron/gonn/pkg/network/network.go:220.10,222.46 2 28
github.com/teratron/gonn/pkg/network/network.go:222.46,224.6 1 84
github.com/teratron/gonn/pkg/network/network.go:226.4,226.19 1 88
github.com/teratron/gonn/pkg/network/network.go:226.19,228.5 1 30
github.com/teratron/gonn/pkg/network/network.go:231.2,234.35 4 20
github.com/teratron/gonn/pkg/network/network.go:234.35,236.34 2 22
github.com/teratron/gonn/pkg/network/network.go:236.34,238.4 1 62
github.com/teratron/gonn/pkg/network/network.go:239.3,239.26 1 22
github.com/teratron/gonn/pkg/network/network.go:239.26,241.4 1 6
github.com/teratron/gonn/pkg/network/network.go:243.2,243.12 1 20
github.com/teratron/gonn/pkg/network/network.go:252.17,253.25 1 311
github.com/teratron/gonn/pkg/network/network.go:253.25,255.3 1 12
github.com/teratron/gonn/pkg/network/network.go:256.2,256.30 1 299
github.com/teratron/gonn/pkg/network/network.go:267.48,268.32 1 8112
github.com/teratron/gonn/pkg/network/network.go:268.32,272.3 1 1
github.com/teratron/gonn/pkg/network/network.go:273.2,273.27 1 8111
github.com/teratron/gonn/pkg/network/network.go:273.27,275.3 1 16222
github.com/teratron/gonn/pkg/network/network.go:276.2,276.12 1 8111
github.com/teratron/gonn/pkg/network/network.go:287.49,288.33 1 8105
github.com/teratron/gonn/pkg/network/network.go:288.33,292.3 1 1
github.com/teratron/gonn/pkg/network/network.go:293.2,293.27 1 8104
github.com/teratron/gonn/pkg/network/network.go:293.27,297.3 1 8104
github.com/teratron/gonn/pkg/network/network.go:298.2,298.12 1 8104
github.com/teratron/gonn/pkg/network/network.go:309.40,311.31 2 2
github.com/teratron/gonn/pkg/network/network.go:311.31,312.30 1 2
github.com/teratron/gonn/pkg/network/network.go:312.30,313.30 1 8
github.com/teratron/gonn/pkg/network/network.go:313.30,315.5 1 16
github.com/teratron/gonn/pkg/network/network.go:318.2,318.35 1 2
github.com/teratron/gonn/pkg/network/network.go:318.35,319.29 1 2
github.com/teratron/gonn/pkg/network/network.go:319.29,321.4 1 8
github.com/teratron/gonn/pkg/network/network.go:323.2,323.12 1 2
github.com/teratron/gonn/pkg/network/network.go:333.53,335.31 2 2
github.com/teratron/gonn/pkg/network/network.go:335.31,336.30 1 2
github.com/teratron/gonn/pkg/network/network.go:336.30,337.30 1 8
github.com/teratron/gonn/pkg/network/network.go:337.30,339.5 1 16
github.com/teratron/gonn/pkg/network/network.go:342.2,342.35 1 2
github.com/teratron/gonn/pkg/network/network.go:342.35,343.29 1 2
github.com/teratron/gonn/pkg/network/network.go:343.29,345.4 1 8
github.com/teratron/gonn/pkg/network/network.go:347.2,347.12 1 2
github.com/teratron/gonn/pkg/network/network.go:358.52,360.31 2 1
github.com/teratron/gonn/pkg/network/network.go:360.31,361.30 1 1
github.com/teratron/gonn/pkg/network/network.go:361.30,362.27 1 4
github.com/teratron/gonn/pkg/network/network.go:362.27,363.28 1 8
github.com/teratron/gonn/pkg/network/network.go:363.28,365.6 1 0
github.com/teratron/gonn/pkg/network/network.go:366.5,367.10 2 8
github.com/teratron/gonn/pkg/network/network.go:371.2,371.35 1 1
github.com/teratron/gonn/pkg/network/network.go:371.35,372.26 1 1
github.com/teratron/gonn/pkg/network/network.go:372.26,373.27 1 4
github.com/teratron/gonn/pkg/network/network.go:373.27,375.5 1 0
github.com/teratron/gonn/pkg/network/network.go:376.4,377.9 2 4
github.com/teratron/gonn/pkg/network/network.go:383.40,385.31 2 4
github.com/teratron/gonn/pkg/network/network.go:385.31,386.30 1 4
github.com/teratron/gonn/pkg/network/network.go:386.30,388.4 1 16
github.com/teratron/gonn/pkg/network/network.go:390.2,390.35 1 4
github.com/teratron/gonn/pkg/network/network.go:390.35,392.3 1 4
github.com/teratron/gonn/pkg/network/network.go:393.2,393.14 1 4
github.com/teratron/gonn/pkg/network/network.go:403.46,405.31 2 2
github.com/teratron/gonn/pkg/network/network.go:405.31,407.3 1 2
github.com/teratron/gonn/pkg/network/network.go:408.2,409.31 2 2
github.com/teratron/gonn/pkg/network/network.go:409.31,410.30 1 2
github.com/teratron/gonn/pkg/network/network.go:410.30,412.4 1 8
github.com/teratron/gonn/pkg/network/network.go:414.2,414.12 1 2
github.com/teratron/gonn/pkg/network/network.go:424.53,426.31 2 1
github.com/teratron/gonn/pkg/network/network.go:426.31,427.30 1 1
github.com/teratron/gonn/pkg/network/network.go:427.30,428.24 1 4
github.com/teratron/gonn/pkg/network/network.go:428.24,430.5 1 0
github.com/teratron/gonn/pkg/network/network.go:431.4,432.9 2 4
github.com/teratron/gonn/pkg/network/pool.go:28.19,28.52 1 3
github.com/teratron/gonn/pkg/network/pool.go:31.19,31.52 1 1
github.com/teratron/gonn/pkg/network/pool.go:44.54,45.14 1 6
github.com/teratron/gonn/pkg/network/pool.go:45.14,47.3 1 1
github.com/teratron/gonn/pkg/network/pool.go:48.2,49.23 2 6
github.com/teratron/gonn/pkg/network/pool.go:50.15,52.22 2 5
github.com/teratron/gonn/pkg/network/pool.go:52.22,54.4 1 1
github.com/teratron/gonn/pkg/network/pool.go:54.9,56.23 2 4
github.com/teratron/gonn/pkg/network/pool.go:56.23,58.5 1 20
github.com/teratron/gonn/pkg/network/pool.go:60.3,60.24 1 5
github.com/teratron/gonn/pkg/network/pool.go:61.15,63.22 2 1
github.com/teratron/gonn/pkg/network/pool.go:63.22,65.4 1 0
github.com/teratron/gonn/pkg/network/pool.go:65.9,67.23 2 1
github.com/teratron/gonn/pkg/network/pool.go:67.23,69.5 1 32
github.com/teratron/gonn/pkg/network/pool.go:71.3,71.24 1 1
github.com/teratron/gonn/pkg/network/pool.go:72.10,73.25 1 0
github.com/teratron/gonn/pkg/network/pool.go:84.49,85.16 1 5
github.com/teratron/gonn/pkg/network/pool.go:85.16,87.3 1 1
github.com/teratron/gonn/pkg/network/pool.go:88.2,88.21 1 4
github.com/teratron/gonn/pkg/network/pool.go:88.21,90.3 1 4148
github.com/teratron/gonn/pkg/network/pool.go:91.2,91.32 1 4
github.com/teratron/gonn/pkg/network/pool.go:92.17,93.33 1 3
github.com/teratron/gonn/pkg/network/pool.go:94.17,95.33 1 1
github.com/teratron/gonn/pkg/network/pool.go:123.109,130.2 1 1
github.com/teratron/gonn/pkg/network/propagation.go:19.40,20.31 1 8110
github.com/teratron/gonn/pkg/network/propagation.go:20.31,23.36 3 11966
github.com/teratron/gonn/pkg/network/propagation.go:23.36,27.4 3 47847
github.com/teratron/gonn/pkg/network/propagation.go:29.2,29.35 1 8110
github.com/teratron/gonn/pkg/network/propagation.go:29.35,33.35 4 8110
github.com/teratron/gonn/pkg/network/propagation.go:33.35,35.4 1 8110
github.com/teratron/gonn/pkg/network/propagation.go:46.54,48.35 2 8105
github.com/teratron/gonn/pkg/network/propagation.go:48.35,50.3 1 8105
github.com/teratron/gonn/pkg/network/propagation.go:51.2,51.47 1 8105
github.com/teratron/gonn/pkg/network/propagation.go:65.40,66.43 1 8103
github.com/teratron/gonn/pkg/network/propagation.go:66.43,68.30 2 11958
github.com/teratron/gonn/pkg/network/propagation.go:68.30,70.4 1 47822
github.com/teratron/gonn/pkg/network/propagation.go:75.3,75.28 1 11958
github.com/teratron/gonn/pkg/network/propagation.go:75.28,76.37 1 8103
github.com/teratron/gonn/pkg/network/propagation.go:76.37,78.31 2 8103
github.com/teratron/gonn/pkg/network/propagation.go:78.31,79.52 1 40508
github.com/teratron/gonn/pkg/network/propagation.go:79.52,81.7 1 32408
github.com/teratron/gonn/pkg/network/propagation.go:84.9,85.43 1 3855
github.com/teratron/gonn/pkg/network/propagation.go:85.43,87.31 2 15414
github.com/teratron/gonn/pkg/network/propagation.go:87.31,88.52 1 77052
github.com/teratron/gonn/pkg/network/propagation.go:88.52,90.7 1 61644
github.com/teratron/gonn/pkg/network/propagation.go:106.48,107.38 1 8103
github.com/teratron/gonn/pkg/network/propagation.go:107.38,110.36 3 11958
github.com/teratron/gonn/pkg/network/propagation.go:110.36,113.4 2 47822
github.com/teratron/gonn/pkg/network/propagation.go:115.2,115.41 1 8103
github.com/teratron/gonn/pkg/network/propagation.go:115.41,118.3 2 8103
github.com/teratron/gonn/pkg/network/propagation.go:128.47,130.2 1 8104
github.com/teratron/gonn/pkg/network/propagation.go:148.55,150.38 2 1
github.com/teratron/gonn/pkg/network/propagation.go:150.38,153.36 3 1
github.com/teratron/gonn/pkg/network/propagation.go:153.36,156.30 3 4
github.com/teratron/gonn/pkg/network/propagation.go:156.30,158.5 1 8
github.com/teratron/gonn/pkg/network/propagation.go:161.2,161.41 1 1
github.com/teratron/gonn/pkg/network/propagation.go:161.41,164.29 3 1
github.com/teratron/gonn/pkg/network/propagation.go:164.29,166.4 1 4
github.com/teratron/gonn/pkg/network/propagation.go:168.2,168.12 1 1
github.com/teratron/gonn/pkg/network/propagation.go:179.58,180.43 1 8103
github.com/teratron/gonn/pkg/network/propagation.go:180.43,182.3 1 0
github.com/teratron/gonn/pkg/network/propagation.go:183.2,183.45 1 8103
github.com/teratron/gonn/pkg/network/propagation.go:183.45,185.3 1 0
github.com/teratron/gonn/pkg/network/propagation.go:186.2,191.18 6 8103
github.com/teratron/gonn/pkg/network/worker.go:37.34,44.20 4 3
github.com/teratron/gonn/pkg/network/worker.go:44.20,46.3 1 24
github.com/teratron/gonn/pkg/network/worker.go:47.2,47.10 1 3
github.com/teratron/gonn/pkg/network/worker.go:51.28,53.26 2 24
github.com/teratron/gonn/pkg/network/worker.go:53.26,55.3 1 100
github.com/teratron/gonn/pkg/network/worker.go:65.40,67.2 1 100
github.com/teratron/gonn/pkg/network/worker.go:76.29,77.19 1 4
github.com/teratron/gonn/pkg/network/worker.go:77.19,79.3 1 3
github.com/teratron/gonn/pkg/network/worker.go:80.2,80.13 1 4
